// Jest Snapshot v1, https://goo.gl/fbAQLP

exports[`jssToStyledComponentsPlugin 1. jssToStyledComponentsPlugin: 1. jssToStyledComponentsPlugin 1`] = `

import injectSheet from 'react-jss'

const styles = {
  card: {
    padding: 4,
  },
}

const HeaderFooterCard = ({ classes }) => (
  <div>
    <span className={classes.card}>🍍</span>
    <div className={classes.card}>🥥</div>
    <span className={classes.card}>🍍</span>
    <Text className={classes.card}>🥥</Text>
  </div>
)

      ↓ ↓ ↓ ↓ ↓ ↓

import injectSheet from 'react-jss'
const Card = styled.span\`
  padding: 4px;
\`

const HeaderFooterCard = ({ classes }) => (
  <div>
    <Card>🍍</Card>
    <Card as="div">🥥</Card>
    <Card>🍍</Card>
    <Card as={Text}>🥥</Card>
  </div>
)


`;
